[     725ms] [ERROR] Failed to load resource: the server responded with a status of 401 () @ https://admin:JBRv2xWG7AzwVrLz88@early.surge.xyz/branding/site.manifest.json:0
[     726ms] [ERROR] Manifest fetch from https://admin:JBRv2xWG7AzwVrLz88@early.surge.xyz/branding/site.manifest.json failed, code 401 @ https://admin:JBRv2xWG7AzwVrLz88@early.surge.xyz/:0
[    1224ms] [ERROR] Failed to load resource: the server responded with a status of 401 () @ https://admin:JBRv2xWG7AzwVrLz88@early.surge.xyz/branding/site.manifest.json:0
[    1224ms] [ERROR] Manifest fetch from https://admin:JBRv2xWG7AzwVrLz88@early.surge.xyz/branding/site.manifest.json failed, code 401 @ https://admin:JBRv2xWG7AzwVrLz88@early.surge.xyz/:0
[    1907ms] [ERROR] Error: Minified React error #321; visit https://reactjs.org/docs/error-decoder.html?invariant=321 for the full message or use the non-minified dev environment for full errors and additional helpful warnings.
    at Object.rt (https://early.surge.xyz/assets/index-8sGMmik0.js:62:16731)
    at ee.useRef (https://early.surge.xyz/assets/index-8sGMmik0.js:10:6344)
    at $1.useSyncExternalStoreWithSelector (https://early.surge.xyz/assets/index-8sGMmik0.js:80:284)
    at Jj (https://early.surge.xyz/assets/index-8sGMmik0.js:80:1797)
    at n (https://early.surge.xyz/assets/index-8sGMmik0.js:80:2145)
    at Zut (https://early.surge.xyz/assets/App-CuWNBjzS.js:1241:7836)
    at yh (https://early.surge.xyz/assets/index-8sGMmik0.js:62:16998)
    at bf (https://early.surge.xyz/assets/index-8sGMmik0.js:64:3139)
    at u1 (https://early.surge.xyz/assets/index-8sGMmik0.js:64:44480)
    at o1 (https://early.surge.xyz/assets/index-8sGMmik0.js:64:39714)
    at eD (https://early.surge.xyz/assets/index-8sGMmik0.js:64:39642)
    at ml (https://early.surge.xyz/assets/index-8sGMmik0.js:64:39495)
    at Df (https://early.surge.xyz/assets/index-8sGMmik0.js:64:35862)
    at n1 (https://early.surge.xyz/assets/index-8sGMmik0.js:64:34813)
    at A (https://early.surge.xyz/assets/index-8sGMmik0.js:49:1559)
    at MessagePort.W (https://early.surge.xyz/assets/index-8sGMmik0.js:49:1922) @ https://early.surge.xyz/assets/index-8sGMmik0.js:33
[    1935ms] Error: Minified React error #321; visit https://reactjs.org/docs/error-decoder.html?invariant=321 for the full message or use the non-minified dev environment for full errors and additional helpful warnings.
    at Object.rt (https://early.surge.xyz/assets/index-8sGMmik0.js:62:16731)
    at ee.useRef (https://early.surge.xyz/assets/index-8sGMmik0.js:10:6344)
    at $1.useSyncExternalStoreWithSelector (https://early.surge.xyz/assets/index-8sGMmik0.js:80:284)
    at Jj (https://early.surge.xyz/assets/index-8sGMmik0.js:80:1797)
    at n (https://early.surge.xyz/assets/index-8sGMmik0.js:80:2145)
    at Zut (https://early.surge.xyz/assets/App-CuWNBjzS.js:1241:7836)
    at yh (https://early.surge.xyz/assets/index-8sGMmik0.js:62:16998)
    at bf (https://early.surge.xyz/assets/index-8sGMmik0.js:64:3139)
    at u1 (https://early.surge.xyz/assets/index-8sGMmik0.js:64:44480)
    at o1 (https://early.surge.xyz/assets/index-8sGMmik0.js:64:39714)
    at eD (https://early.surge.xyz/assets/index-8sGMmik0.js:64:39642)
    at ml (https://early.surge.xyz/assets/index-8sGMmik0.js:64:39495)
    at Df (https://early.surge.xyz/assets/index-8sGMmik0.js:64:35862)
    at n1 (https://early.surge.xyz/assets/index-8sGMmik0.js:64:34813)
    at A (https://early.surge.xyz/assets/index-8sGMmik0.js:49:1559)
    at MessagePort.W (https://early.surge.xyz/assets/index-8sGMmik0.js:49:1922)
[    1917ms] [ERROR] NotFoundError: Failed to execute 'removeChild' on 'Node': The node to be removed is not a child of this node.
    at ZE (https://early.surge.xyz/assets/index-8sGMmik0.js:64:26048)
    at nr (https://early.surge.xyz/assets/index-8sGMmik0.js:64:25754)
    at ZE (https://early.surge.xyz/assets/index-8sGMmik0.js:64:26503)
    at nr (https://early.surge.xyz/assets/index-8sGMmik0.js:64:25754)
    at ZE (https://early.surge.xyz/assets/index-8sGMmik0.js:64:26503)
    at nr (https://early.surge.xyz/assets/index-8sGMmik0.js:64:25754)
    at ZE (https://early.surge.xyz/assets/index-8sGMmik0.js:64:26503)
    at nr (https://early.surge.xyz/assets/index-8sGMmik0.js:64:25754)
    at ZE (https://early.surge.xyz/assets/index-8sGMmik0.js:64:26828)
    at nr (https://early.surge.xyz/assets/index-8sGMmik0.js:64:25754)
    at ZE (https://early.surge.xyz/assets/index-8sGMmik0.js:64:26828)
    at Zt (https://early.surge.xyz/assets/index-8sGMmik0.js:64:27357)
    at e1 (https://early.surge.xyz/assets/index-8sGMmik0.js:64:28811)
    at nD (https://early.surge.xyz/assets/index-8sGMmik0.js:64:40796)
    at Hr (https://early.surge.xyz/assets/index-8sGMmik0.js:64:40202)
    at n1 (https://early.surge.xyz/assets/index-8sGMmik0.js:64:35117)
    at A (https://early.surge.xyz/assets/index-8sGMmik0.js:49:1559)
    at MessagePort.W (https://early.surge.xyz/assets/index-8sGMmik0.js:49:1922) @ https://early.surge.xyz/assets/index-8sGMmik0.js:33
[    1936ms] NotFoundError: Failed to execute 'removeChild' on 'Node': The node to be removed is not a child of this node.
    at ZE (https://early.surge.xyz/assets/index-8sGMmik0.js:64:26048)
    at nr (https://early.surge.xyz/assets/index-8sGMmik0.js:64:25754)
    at ZE (https://early.surge.xyz/assets/index-8sGMmik0.js:64:26503)
    at nr (https://early.surge.xyz/assets/index-8sGMmik0.js:64:25754)
    at ZE (https://early.surge.xyz/assets/index-8sGMmik0.js:64:26503)
    at nr (https://early.surge.xyz/assets/index-8sGMmik0.js:64:25754)
    at ZE (https://early.surge.xyz/assets/index-8sGMmik0.js:64:26503)
    at nr (https://early.surge.xyz/assets/index-8sGMmik0.js:64:25754)
    at ZE (https://early.surge.xyz/assets/index-8sGMmik0.js:64:26828)
    at nr (https://early.surge.xyz/assets/index-8sGMmik0.js:64:25754)
    at ZE (https://early.surge.xyz/assets/index-8sGMmik0.js:64:26828)
    at Zt (https://early.surge.xyz/assets/index-8sGMmik0.js:64:27357)
    at e1 (https://early.surge.xyz/assets/index-8sGMmik0.js:64:28811)
    at nD (https://early.surge.xyz/assets/index-8sGMmik0.js:64:40796)
    at Hr (https://early.surge.xyz/assets/index-8sGMmik0.js:64:40202)
    at n1 (https://early.surge.xyz/assets/index-8sGMmik0.js:64:35117)
    at A (https://early.surge.xyz/assets/index-8sGMmik0.js:49:1559)
    at MessagePort.W (https://early.surge.xyz/assets/index-8sGMmik0.js:49:1922)
[    2845ms] [ERROR] NotFoundError: Failed to execute 'removeChild' on 'Node': The node to be removed is not a child of this node.
    at ZE (https://early.surge.xyz/assets/index-8sGMmik0.js:64:26048)
    at nr (https://early.surge.xyz/assets/index-8sGMmik0.js:64:25754)
    at ZE (https://early.surge.xyz/assets/index-8sGMmik0.js:64:26503)
    at nr (https://early.surge.xyz/assets/index-8sGMmik0.js:64:25754)
    at ZE (https://early.surge.xyz/assets/index-8sGMmik0.js:64:26503)
    at nr (https://early.surge.xyz/assets/index-8sGMmik0.js:64:25754)
    at ZE (https://early.surge.xyz/assets/index-8sGMmik0.js:64:26503)
    at nr (https://early.surge.xyz/assets/index-8sGMmik0.js:64:25754)
    at ZE (https://early.surge.xyz/assets/index-8sGMmik0.js:64:26828)
    at Zt (https://early.surge.xyz/assets/index-8sGMmik0.js:64:27357)
    at e1 (https://early.surge.xyz/assets/index-8sGMmik0.js:64:28960)
    at Zt (https://early.surge.xyz/assets/index-8sGMmik0.js:64:27507)
    at e1 (https://early.surge.xyz/assets/index-8sGMmik0.js:64:28811)
    at nD (https://early.surge.xyz/assets/index-8sGMmik0.js:64:40796)
    at Hr (https://early.surge.xyz/assets/index-8sGMmik0.js:64:40202)
    at n1 (https://early.surge.xyz/assets/index-8sGMmik0.js:64:35343)
    at A (https://early.surge.xyz/assets/index-8sGMmik0.js:49:1559)
    at MessagePort.W (https://early.surge.xyz/assets/index-8sGMmik0.js:49:1922) @ https://early.surge.xyz/assets/index-8sGMmik0.js:33
[    2847ms] NotFoundError: Failed to execute 'removeChild' on 'Node': The node to be removed is not a child of this node.
    at ZE (https://early.surge.xyz/assets/index-8sGMmik0.js:64:26048)
    at nr (https://early.surge.xyz/assets/index-8sGMmik0.js:64:25754)
    at ZE (https://early.surge.xyz/assets/index-8sGMmik0.js:64:26503)
    at nr (https://early.surge.xyz/assets/index-8sGMmik0.js:64:25754)
    at ZE (https://early.surge.xyz/assets/index-8sGMmik0.js:64:26503)
    at nr (https://early.surge.xyz/assets/index-8sGMmik0.js:64:25754)
    at ZE (https://early.surge.xyz/assets/index-8sGMmik0.js:64:26503)
    at nr (https://early.surge.xyz/assets/index-8sGMmik0.js:64:25754)
    at ZE (https://early.surge.xyz/assets/index-8sGMmik0.js:64:26828)
    at Zt (https://early.surge.xyz/assets/index-8sGMmik0.js:64:27357)
    at e1 (https://early.surge.xyz/assets/index-8sGMmik0.js:64:28960)
    at Zt (https://early.surge.xyz/assets/index-8sGMmik0.js:64:27507)
    at e1 (https://early.surge.xyz/assets/index-8sGMmik0.js:64:28811)
    at nD (https://early.surge.xyz/assets/index-8sGMmik0.js:64:40796)
    at Hr (https://early.surge.xyz/assets/index-8sGMmik0.js:64:40202)
    at n1 (https://early.surge.xyz/assets/index-8sGMmik0.js:64:35343)
    at A (https://early.surge.xyz/assets/index-8sGMmik0.js:49:1559)
    at MessagePort.W (https://early.surge.xyz/assets/index-8sGMmik0.js:49:1922)
