[     480ms] [ERROR] Failed to load resource: the server responded with a status of 401 () @ chrome-error://chromewebdata/:0
[    6161ms] [ERROR] Failed to load resource: the server responded with a status of 401 () @ https://admin:JBRv2xWG7AzwVrLz88@early.surge.xyz/branding/site.manifest.json:0
[    6161ms] [ERROR] Manifest fetch from https://admin:JBRv2xWG7AzwVrLz88@early.surge.xyz/branding/site.manifest.json failed, code 401 @ https://admin:JBRv2xWG7AzwVrLz88@early.surge.xyz/:0
[    6522ms] [ERROR] Failed to load resource: the server responded with a status of 401 () @ https://admin:JBRv2xWG7AzwVrLz88@early.surge.xyz/branding/site.manifest.json:0
[    6522ms] [ERROR] Manifest fetch from https://admin:JBRv2xWG7AzwVrLz88@early.surge.xyz/branding/site.manifest.json failed, code 401 @ https://admin:JBRv2xWG7AzwVrLz88@early.surge.xyz/:0
[    7101ms] [ERROR] Error: Minified React error #321; visit https://reactjs.org/docs/error-decoder.html?invariant=321 for the full message or use the non-minified dev environment for full errors and additional helpful warnings.
    at Object.ht (https://early.surge.xyz/assets/index-D8ouIiWs.js:532:16731)
    at se.useRef (https://early.surge.xyz/assets/index-D8ouIiWs.js:10:6344)
    at uw.useSyncExternalStoreWithSelector (https://early.surge.xyz/assets/index-D8ouIiWs.js:550:285)
    at j6 (https://early.surge.xyz/assets/index-D8ouIiWs.js:550:1901)
    at n (https://early.surge.xyz/assets/index-D8ouIiWs.js:550:2249)
    at eht (https://early.surge.xyz/assets/App-C5V6e6l9.js:1241:32639)
    at lm (https://early.surge.xyz/assets/index-D8ouIiWs.js:532:16998)
    at fp (https://early.surge.xyz/assets/index-D8ouIiWs.js:534:3139)
    at Pb (https://early.surge.xyz/assets/index-D8ouIiWs.js:534:44480)
    at xb (https://early.surge.xyz/assets/index-D8ouIiWs.js:534:39714)
    at B3 (https://early.surge.xyz/assets/index-D8ouIiWs.js:534:39642)
    at Yl (https://early.surge.xyz/assets/index-D8ouIiWs.js:534:39495)
    at wp (https://early.surge.xyz/assets/index-D8ouIiWs.js:534:35862)
    at Tb (https://early.surge.xyz/assets/index-D8ouIiWs.js:534:34813)
    at A (https://early.surge.xyz/assets/index-D8ouIiWs.js:519:1558)
    at MessagePort.L (https://early.surge.xyz/assets/index-D8ouIiWs.js:519:1921) @ https://early.surge.xyz/assets/index-D8ouIiWs.js:33
[    7126ms] Error: Minified React error #321; visit https://reactjs.org/docs/error-decoder.html?invariant=321 for the full message or use the non-minified dev environment for full errors and additional helpful warnings.
    at Object.ht (https://early.surge.xyz/assets/index-D8ouIiWs.js:532:16731)
    at se.useRef (https://early.surge.xyz/assets/index-D8ouIiWs.js:10:6344)
    at uw.useSyncExternalStoreWithSelector (https://early.surge.xyz/assets/index-D8ouIiWs.js:550:285)
    at j6 (https://early.surge.xyz/assets/index-D8ouIiWs.js:550:1901)
    at n (https://early.surge.xyz/assets/index-D8ouIiWs.js:550:2249)
    at eht (https://early.surge.xyz/assets/App-C5V6e6l9.js:1241:32639)
    at lm (https://early.surge.xyz/assets/index-D8ouIiWs.js:532:16998)
    at fp (https://early.surge.xyz/assets/index-D8ouIiWs.js:534:3139)
    at Pb (https://early.surge.xyz/assets/index-D8ouIiWs.js:534:44480)
    at xb (https://early.surge.xyz/assets/index-D8ouIiWs.js:534:39714)
    at B3 (https://early.surge.xyz/assets/index-D8ouIiWs.js:534:39642)
    at Yl (https://early.surge.xyz/assets/index-D8ouIiWs.js:534:39495)
    at wp (https://early.surge.xyz/assets/index-D8ouIiWs.js:534:35862)
    at Tb (https://early.surge.xyz/assets/index-D8ouIiWs.js:534:34813)
    at A (https://early.surge.xyz/assets/index-D8ouIiWs.js:519:1558)
    at MessagePort.L (https://early.surge.xyz/assets/index-D8ouIiWs.js:519:1921)
[    7109ms] [ERROR] NotFoundError: Failed to execute 'removeChild' on 'Node': The node to be removed is not a child of this node.
    at bb (https://early.surge.xyz/assets/index-D8ouIiWs.js:534:26048)
    at gr (https://early.surge.xyz/assets/index-D8ouIiWs.js:534:25754)
    at bb (https://early.surge.xyz/assets/index-D8ouIiWs.js:534:26503)
    at gr (https://early.surge.xyz/assets/index-D8ouIiWs.js:534:25754)
    at bb (https://early.surge.xyz/assets/index-D8ouIiWs.js:534:26503)
    at gr (https://early.surge.xyz/assets/index-D8ouIiWs.js:534:25754)
    at bb (https://early.surge.xyz/assets/index-D8ouIiWs.js:534:26503)
    at gr (https://early.surge.xyz/assets/index-D8ouIiWs.js:534:25754)
    at bb (https://early.surge.xyz/assets/index-D8ouIiWs.js:534:26828)
    at gr (https://early.surge.xyz/assets/index-D8ouIiWs.js:534:25754)
    at bb (https://early.surge.xyz/assets/index-D8ouIiWs.js:534:26828)
    at hn (https://early.surge.xyz/assets/index-D8ouIiWs.js:534:27357)
    at wb (https://early.surge.xyz/assets/index-D8ouIiWs.js:534:28811)
    at z3 (https://early.surge.xyz/assets/index-D8ouIiWs.js:534:40796)
    at io (https://early.surge.xyz/assets/index-D8ouIiWs.js:534:40202)
    at Tb (https://early.surge.xyz/assets/index-D8ouIiWs.js:534:35117)
    at A (https://early.surge.xyz/assets/index-D8ouIiWs.js:519:1558)
    at MessagePort.L (https://early.surge.xyz/assets/index-D8ouIiWs.js:519:1921) @ https://early.surge.xyz/assets/index-D8ouIiWs.js:33
[    7126ms] NotFoundError: Failed to execute 'removeChild' on 'Node': The node to be removed is not a child of this node.
    at bb (https://early.surge.xyz/assets/index-D8ouIiWs.js:534:26048)
    at gr (https://early.surge.xyz/assets/index-D8ouIiWs.js:534:25754)
    at bb (https://early.surge.xyz/assets/index-D8ouIiWs.js:534:26503)
    at gr (https://early.surge.xyz/assets/index-D8ouIiWs.js:534:25754)
    at bb (https://early.surge.xyz/assets/index-D8ouIiWs.js:534:26503)
    at gr (https://early.surge.xyz/assets/index-D8ouIiWs.js:534:25754)
    at bb (https://early.surge.xyz/assets/index-D8ouIiWs.js:534:26503)
    at gr (https://early.surge.xyz/assets/index-D8ouIiWs.js:534:25754)
    at bb (https://early.surge.xyz/assets/index-D8ouIiWs.js:534:26828)
    at gr (https://early.surge.xyz/assets/index-D8ouIiWs.js:534:25754)
    at bb (https://early.surge.xyz/assets/index-D8ouIiWs.js:534:26828)
    at hn (https://early.surge.xyz/assets/index-D8ouIiWs.js:534:27357)
    at wb (https://early.surge.xyz/assets/index-D8ouIiWs.js:534:28811)
    at z3 (https://early.surge.xyz/assets/index-D8ouIiWs.js:534:40796)
    at io (https://early.surge.xyz/assets/index-D8ouIiWs.js:534:40202)
    at Tb (https://early.surge.xyz/assets/index-D8ouIiWs.js:534:35117)
    at A (https://early.surge.xyz/assets/index-D8ouIiWs.js:519:1558)
    at MessagePort.L (https://early.surge.xyz/assets/index-D8ouIiWs.js:519:1921)
[    9239ms] [ERROR] NotFoundError: Failed to execute 'removeChild' on 'Node': The node to be removed is not a child of this node.
    at bb (https://early.surge.xyz/assets/index-D8ouIiWs.js:534:26048)
    at gr (https://early.surge.xyz/assets/index-D8ouIiWs.js:534:25754)
    at bb (https://early.surge.xyz/assets/index-D8ouIiWs.js:534:26503)
    at gr (https://early.surge.xyz/assets/index-D8ouIiWs.js:534:25754)
    at bb (https://early.surge.xyz/assets/index-D8ouIiWs.js:534:26503)
    at gr (https://early.surge.xyz/assets/index-D8ouIiWs.js:534:25754)
    at bb (https://early.surge.xyz/assets/index-D8ouIiWs.js:534:26503)
    at gr (https://early.surge.xyz/assets/index-D8ouIiWs.js:534:25754)
    at bb (https://early.surge.xyz/assets/index-D8ouIiWs.js:534:26828)
    at hn (https://early.surge.xyz/assets/index-D8ouIiWs.js:534:27357)
    at wb (https://early.surge.xyz/assets/index-D8ouIiWs.js:534:28960)
    at hn (https://early.surge.xyz/assets/index-D8ouIiWs.js:534:27507)
    at wb (https://early.surge.xyz/assets/index-D8ouIiWs.js:534:28811)
    at z3 (https://early.surge.xyz/assets/index-D8ouIiWs.js:534:40796)
    at io (https://early.surge.xyz/assets/index-D8ouIiWs.js:534:40202)
    at Tb (https://early.surge.xyz/assets/index-D8ouIiWs.js:534:35662)
    at A (https://early.surge.xyz/assets/index-D8ouIiWs.js:519:1558)
    at MessagePort.L (https://early.surge.xyz/assets/index-D8ouIiWs.js:519:1921) @ https://early.surge.xyz/assets/index-D8ouIiWs.js:33
[    9241ms] NotFoundError: Failed to execute 'removeChild' on 'Node': The node to be removed is not a child of this node.
    at bb (https://early.surge.xyz/assets/index-D8ouIiWs.js:534:26048)
    at gr (https://early.surge.xyz/assets/index-D8ouIiWs.js:534:25754)
    at bb (https://early.surge.xyz/assets/index-D8ouIiWs.js:534:26503)
    at gr (https://early.surge.xyz/assets/index-D8ouIiWs.js:534:25754)
    at bb (https://early.surge.xyz/assets/index-D8ouIiWs.js:534:26503)
    at gr (https://early.surge.xyz/assets/index-D8ouIiWs.js:534:25754)
    at bb (https://early.surge.xyz/assets/index-D8ouIiWs.js:534:26503)
    at gr (https://early.surge.xyz/assets/index-D8ouIiWs.js:534:25754)
    at bb (https://early.surge.xyz/assets/index-D8ouIiWs.js:534:26828)
    at hn (https://early.surge.xyz/assets/index-D8ouIiWs.js:534:27357)
    at wb (https://early.surge.xyz/assets/index-D8ouIiWs.js:534:28960)
    at hn (https://early.surge.xyz/assets/index-D8ouIiWs.js:534:27507)
    at wb (https://early.surge.xyz/assets/index-D8ouIiWs.js:534:28811)
    at z3 (https://early.surge.xyz/assets/index-D8ouIiWs.js:534:40796)
    at io (https://early.surge.xyz/assets/index-D8ouIiWs.js:534:40202)
    at Tb (https://early.surge.xyz/assets/index-D8ouIiWs.js:534:35662)
    at A (https://early.surge.xyz/assets/index-D8ouIiWs.js:519:1558)
    at MessagePort.L (https://early.surge.xyz/assets/index-D8ouIiWs.js:519:1921)
[   35238ms] [ERROR] Error: Minified React error #321; visit https://reactjs.org/docs/error-decoder.html?invariant=321 for the full message or use the non-minified dev environment for full errors and additional helpful warnings.
    at Object.ht (https://early.surge.xyz/assets/index-D8ouIiWs.js:532:16731)
    at se.useRef (https://early.surge.xyz/assets/index-D8ouIiWs.js:10:6344)
    at uw.useSyncExternalStoreWithSelector (https://early.surge.xyz/assets/index-D8ouIiWs.js:550:285)
    at j6 (https://early.surge.xyz/assets/index-D8ouIiWs.js:550:1901)
    at n (https://early.surge.xyz/assets/index-D8ouIiWs.js:550:2249)
    at eht (https://early.surge.xyz/assets/App-C5V6e6l9.js:1241:32639)
    at lm (https://early.surge.xyz/assets/index-D8ouIiWs.js:532:16998)
    at fp (https://early.surge.xyz/assets/index-D8ouIiWs.js:534:3139)
    at Pb (https://early.surge.xyz/assets/index-D8ouIiWs.js:534:44480)
    at xb (https://early.surge.xyz/assets/index-D8ouIiWs.js:534:39714)
    at B3 (https://early.surge.xyz/assets/index-D8ouIiWs.js:534:39642)
    at Yl (https://early.surge.xyz/assets/index-D8ouIiWs.js:534:39495)
    at wp (https://early.surge.xyz/assets/index-D8ouIiWs.js:534:35862)
    at Tb (https://early.surge.xyz/assets/index-D8ouIiWs.js:534:34813)
    at A (https://early.surge.xyz/assets/index-D8ouIiWs.js:519:1558)
    at MessagePort.L (https://early.surge.xyz/assets/index-D8ouIiWs.js:519:1921) @ https://early.surge.xyz/assets/index-D8ouIiWs.js:33
[   35307ms] Error: Minified React error #321; visit https://reactjs.org/docs/error-decoder.html?invariant=321 for the full message or use the non-minified dev environment for full errors and additional helpful warnings.
    at Object.ht (https://early.surge.xyz/assets/index-D8ouIiWs.js:532:16731)
    at se.useRef (https://early.surge.xyz/assets/index-D8ouIiWs.js:10:6344)
    at uw.useSyncExternalStoreWithSelector (https://early.surge.xyz/assets/index-D8ouIiWs.js:550:285)
    at j6 (https://early.surge.xyz/assets/index-D8ouIiWs.js:550:1901)
    at n (https://early.surge.xyz/assets/index-D8ouIiWs.js:550:2249)
    at eht (https://early.surge.xyz/assets/App-C5V6e6l9.js:1241:32639)
    at lm (https://early.surge.xyz/assets/index-D8ouIiWs.js:532:16998)
    at fp (https://early.surge.xyz/assets/index-D8ouIiWs.js:534:3139)
    at Pb (https://early.surge.xyz/assets/index-D8ouIiWs.js:534:44480)
    at xb (https://early.surge.xyz/assets/index-D8ouIiWs.js:534:39714)
    at B3 (https://early.surge.xyz/assets/index-D8ouIiWs.js:534:39642)
    at Yl (https://early.surge.xyz/assets/index-D8ouIiWs.js:534:39495)
    at wp (https://early.surge.xyz/assets/index-D8ouIiWs.js:534:35862)
    at Tb (https://early.surge.xyz/assets/index-D8ouIiWs.js:534:34813)
    at A (https://early.surge.xyz/assets/index-D8ouIiWs.js:519:1558)
    at MessagePort.L (https://early.surge.xyz/assets/index-D8ouIiWs.js:519:1921)
[   35240ms] [ERROR] NotFoundError: Failed to execute 'removeChild' on 'Node': The node to be removed is not a child of this node.
    at bb (https://early.surge.xyz/assets/index-D8ouIiWs.js:534:26048)
    at gr (https://early.surge.xyz/assets/index-D8ouIiWs.js:534:25754)
    at bb (https://early.surge.xyz/assets/index-D8ouIiWs.js:534:26503)
    at gr (https://early.surge.xyz/assets/index-D8ouIiWs.js:534:25754)
    at bb (https://early.surge.xyz/assets/index-D8ouIiWs.js:534:26503)
    at gr (https://early.surge.xyz/assets/index-D8ouIiWs.js:534:25754)
    at bb (https://early.surge.xyz/assets/index-D8ouIiWs.js:534:26503)
    at gr (https://early.surge.xyz/assets/index-D8ouIiWs.js:534:25754)
    at bb (https://early.surge.xyz/assets/index-D8ouIiWs.js:534:26828)
    at gr (https://early.surge.xyz/assets/index-D8ouIiWs.js:534:25754)
    at bb (https://early.surge.xyz/assets/index-D8ouIiWs.js:534:26828)
    at hn (https://early.surge.xyz/assets/index-D8ouIiWs.js:534:27357)
    at wb (https://early.surge.xyz/assets/index-D8ouIiWs.js:534:28811)
    at z3 (https://early.surge.xyz/assets/index-D8ouIiWs.js:534:40796)
    at io (https://early.surge.xyz/assets/index-D8ouIiWs.js:534:40202)
    at Tb (https://early.surge.xyz/assets/index-D8ouIiWs.js:534:35117)
    at A (https://early.surge.xyz/assets/index-D8ouIiWs.js:519:1558)
    at MessagePort.L (https://early.surge.xyz/assets/index-D8ouIiWs.js:519:1921) @ https://early.surge.xyz/assets/index-D8ouIiWs.js:33
[   35308ms] NotFoundError: Failed to execute 'removeChild' on 'Node': The node to be removed is not a child of this node.
    at bb (https://early.surge.xyz/assets/index-D8ouIiWs.js:534:26048)
    at gr (https://early.surge.xyz/assets/index-D8ouIiWs.js:534:25754)
    at bb (https://early.surge.xyz/assets/index-D8ouIiWs.js:534:26503)
    at gr (https://early.surge.xyz/assets/index-D8ouIiWs.js:534:25754)
    at bb (https://early.surge.xyz/assets/index-D8ouIiWs.js:534:26503)
    at gr (https://early.surge.xyz/assets/index-D8ouIiWs.js:534:25754)
    at bb (https://early.surge.xyz/assets/index-D8ouIiWs.js:534:26503)
    at gr (https://early.surge.xyz/assets/index-D8ouIiWs.js:534:25754)
    at bb (https://early.surge.xyz/assets/index-D8ouIiWs.js:534:26828)
    at gr (https://early.surge.xyz/assets/index-D8ouIiWs.js:534:25754)
    at bb (https://early.surge.xyz/assets/index-D8ouIiWs.js:534:26828)
    at hn (https://early.surge.xyz/assets/index-D8ouIiWs.js:534:27357)
    at wb (https://early.surge.xyz/assets/index-D8ouIiWs.js:534:28811)
    at z3 (https://early.surge.xyz/assets/index-D8ouIiWs.js:534:40796)
    at io (https://early.surge.xyz/assets/index-D8ouIiWs.js:534:40202)
    at Tb (https://early.surge.xyz/assets/index-D8ouIiWs.js:534:35117)
    at A (https://early.surge.xyz/assets/index-D8ouIiWs.js:519:1558)
    at MessagePort.L (https://early.surge.xyz/assets/index-D8ouIiWs.js:519:1921)
[   35247ms] [ERROR] NotFoundError: Failed to execute 'removeChild' on 'Node': The node to be removed is not a child of this node.
    at bb (https://early.surge.xyz/assets/index-D8ouIiWs.js:534:26048)
    at gr (https://early.surge.xyz/assets/index-D8ouIiWs.js:534:25754)
    at bb (https://early.surge.xyz/assets/index-D8ouIiWs.js:534:26503)
    at gr (https://early.surge.xyz/assets/index-D8ouIiWs.js:534:25754)
    at bb (https://early.surge.xyz/assets/index-D8ouIiWs.js:534:26503)
    at gr (https://early.surge.xyz/assets/index-D8ouIiWs.js:534:25754)
    at bb (https://early.surge.xyz/assets/index-D8ouIiWs.js:534:26503)
    at gr (https://early.surge.xyz/assets/index-D8ouIiWs.js:534:25754)
    at bb (https://early.surge.xyz/assets/index-D8ouIiWs.js:534:26828)
    at hn (https://early.surge.xyz/assets/index-D8ouIiWs.js:534:27357)
    at wb (https://early.surge.xyz/assets/index-D8ouIiWs.js:534:28960)
    at hn (https://early.surge.xyz/assets/index-D8ouIiWs.js:534:27507)
    at wb (https://early.surge.xyz/assets/index-D8ouIiWs.js:534:28811)
    at z3 (https://early.surge.xyz/assets/index-D8ouIiWs.js:534:40796)
    at io (https://early.surge.xyz/assets/index-D8ouIiWs.js:534:40202)
    at Tb (https://early.surge.xyz/assets/index-D8ouIiWs.js:534:35662)
    at A (https://early.surge.xyz/assets/index-D8ouIiWs.js:519:1558)
    at MessagePort.L (https://early.surge.xyz/assets/index-D8ouIiWs.js:519:1921) @ https://early.surge.xyz/assets/index-D8ouIiWs.js:33
[   35337ms] NotFoundError: Failed to execute 'removeChild' on 'Node': The node to be removed is not a child of this node.
    at bb (https://early.surge.xyz/assets/index-D8ouIiWs.js:534:26048)
    at gr (https://early.surge.xyz/assets/index-D8ouIiWs.js:534:25754)
    at bb (https://early.surge.xyz/assets/index-D8ouIiWs.js:534:26503)
    at gr (https://early.surge.xyz/assets/index-D8ouIiWs.js:534:25754)
    at bb (https://early.surge.xyz/assets/index-D8ouIiWs.js:534:26503)
    at gr (https://early.surge.xyz/assets/index-D8ouIiWs.js:534:25754)
    at bb (https://early.surge.xyz/assets/index-D8ouIiWs.js:534:26503)
    at gr (https://early.surge.xyz/assets/index-D8ouIiWs.js:534:25754)
    at bb (https://early.surge.xyz/assets/index-D8ouIiWs.js:534:26828)
    at hn (https://early.surge.xyz/assets/index-D8ouIiWs.js:534:27357)
    at wb (https://early.surge.xyz/assets/index-D8ouIiWs.js:534:28960)
    at hn (https://early.surge.xyz/assets/index-D8ouIiWs.js:534:27507)
    at wb (https://early.surge.xyz/assets/index-D8ouIiWs.js:534:28811)
    at z3 (https://early.surge.xyz/assets/index-D8ouIiWs.js:534:40796)
    at io (https://early.surge.xyz/assets/index-D8ouIiWs.js:534:40202)
    at Tb (https://early.surge.xyz/assets/index-D8ouIiWs.js:534:35662)
    at A (https://early.surge.xyz/assets/index-D8ouIiWs.js:519:1558)
    at MessagePort.L (https://early.surge.xyz/assets/index-D8ouIiWs.js:519:1921)
[   35321ms] [ERROR] Failed to load resource: the server responded with a status of 401 () @ https://admin:JBRv2xWG7AzwVrLz88@early.surge.xyz/branding/site.manifest.json:0
[   35321ms] [ERROR] Manifest fetch from https://admin:JBRv2xWG7AzwVrLz88@early.surge.xyz/branding/site.manifest.json failed, code 401 @ https://admin:JBRv2xWG7AzwVrLz88@early.surge.xyz/404:0
